// Jest Snapshot v1, https://goo.gl/fbAQLP

exports[`should render the expense list dashboard page component 1`] = `
<div>
  <Connect(ExpenseListFilters) />
  <Connect(ExpenseList) />
  <Connect(ExpensesSummary) />
</div>
`;
