// Jest Snapshot v1, https://goo.gl/fbAQLP

exports[`should render the not found page component and test against the existing snapshot 1`] = `
<div>
  404 - 
  <Link
    to="/"
  >
    Go Home
  </Link>
</div>
`;
